"C:/Project/Working/FPGA/HOME/FPGA/mipidphy_rev_0/mipiphy_rev_0/csi_dphy/csi_dphy.v=work,Verilog 2001"
"C:/Project/Working/FPGA/HOME/FPGA/mipidphy_rev_0/mipiphy_rev_0/csi_dphy/csi_dphy_dphy_rx.v=work,Verilog 2001"
"C:/Project/Working/FPGA/HOME/FPGA/mipidphy_rev_0/mipiphy_rev_0/csi_dphy/csi_dphy_capture_ctrl.v=work,Verilog 2001"
"C:/Project/Working/FPGA/HOME/FPGA/mipidphy_rev_0/mipiphy_rev_0/csi_dphy/csi_dphy_dphy_wrapper.v=work,Verilog 2001"
"C:/Project/Working/FPGA/HOME/FPGA/mipidphy_rev_0/mipiphy_rev_0/csi_dphy/csi_dphy_dphy_rx_wrap.v=work,Verilog 2001"
"C:/Project/Working/FPGA/HOME/FPGA/mipidphy_rev_0/mipiphy_rev_0/csi_dphy/csi_dphy_rx_global_ctrl.v=work,Verilog 2001"
"C:/Project/Working/FPGA/HOME/FPGA/mipidphy_rev_0/mipiphy_rev_0/csi_dphy/csi_dphy_soft_dphy_rx.v=work,Verilog 2001"
"C:/Project/Working/FPGA/HOME/FPGA/mipidphy_rev_0/mipiphy_rev_0/csi_dphy/dphy_rx_eval/csi_dphy/src/beh_rtl/capture_ctrl_beh.v=work,Verilog 2001"
"C:/Project/Working/FPGA/HOME/FPGA/mipidphy_rev_0/mipiphy_rev_0/csi_dphy/dphy_rx_eval/csi_dphy/src/beh_rtl/dphy_rx_wrap_beh.v=work,Verilog 2001"
"C:/Project/Working/FPGA/HOME/FPGA/mipidphy_rev_0/mipiphy_rev_0/csi_dphy/dphy_rx_eval/csi_dphy/src/beh_rtl/rx_global_ctrl_beh.v=work,Verilog 2001"
"C:/Project/Working/FPGA/HOME/FPGA/mipidphy_rev_0/mipiphy_rev_0/csi_dphy/dphy_rx_eval/csi_dphy/src/beh_rtl/soft_dphy_rx_beh.v=work,Verilog 2001"
"C:/Project/Working/FPGA/HOME/FPGA/mipidphy_rev_0/mipiphy_rev_0/csi_dphy/dphy_rx_eval/testbench/csi_dphy_tb.v=work,Verilog 2001"
"C:/Project/Working/FPGA/HOME/FPGA/mipidphy_rev_0/mipiphy_rev_0/mipiphy_rev_0.v=work,Verilog 2001"
"C:/Project/Working/FPGA/HOME/FPGA/mipidphy_rev_0/simulation/csi_dphy_tb.v=work,Verilog 2001"
