"C:/Project/Working/FPGA/HOME/FPGA/crosslink_histo_demo_proj_main_rev_0/source/topmod.v=work,Verilog 2001"
"C:/Project/Working/FPGA/HOME/FPGA/crosslink_histo_demo_proj_main_rev_0/ip/byte2pix/byte2pix.v=work,Verilog 2001"
"C:/Project/Working/FPGA/HOME/FPGA/crosslink_histo_demo_proj_main_rev_0/ip/byte2pix/byte2pix_byte2pixel.v=work,Verilog 2001"
"C:/Project/Working/FPGA/HOME/FPGA/crosslink_histo_demo_proj_main_rev_0/ip/csi_dphy_rx/csi_dphy_rx.v=work,Verilog 2001"
"C:/Project/Working/FPGA/HOME/FPGA/crosslink_histo_demo_proj_main_rev_0/ip/csi_dphy_rx/csi_dphy_rx_dphy_rx.v=work,Verilog 2001"
"C:/Project/Working/FPGA/HOME/FPGA/crosslink_histo_demo_proj_main_rev_0/ip/csi_dphy_rx/csi_dphy_rx_capture_ctrl.v=work,Verilog 2001"
"C:/Project/Working/FPGA/HOME/FPGA/crosslink_histo_demo_proj_main_rev_0/ip/csi_dphy_rx/csi_dphy_rx_dphy_wrapper.v=work,Verilog 2001"
"C:/Project/Working/FPGA/HOME/FPGA/crosslink_histo_demo_proj_main_rev_0/ip/csi_dphy_rx/csi_dphy_rx_dphy_rx_wrap.v=work,Verilog 2001"
"C:/Project/Working/FPGA/HOME/FPGA/crosslink_histo_demo_proj_main_rev_0/ip/csi_dphy_rx/csi_dphy_rx_rx_global_ctrl.v=work,Verilog 2001"
"C:/Project/Working/FPGA/HOME/FPGA/crosslink_histo_demo_proj_main_rev_0/ip/csi_dphy_rx/csi_dphy_rx_soft_dphy_rx.v=work,Verilog 2001"
"C:/Project/Working/FPGA/HOME/FPGA/crosslink_histo_demo_proj_main_rev_0/ip/csi_dphy_rx/dphy_rx_eval/csi_dphy_rx/src/beh_rtl/capture_ctrl_beh.v=work,Verilog 2001"
"C:/Project/Working/FPGA/HOME/FPGA/crosslink_histo_demo_proj_main_rev_0/ip/csi_dphy_rx/dphy_rx_eval/csi_dphy_rx/src/beh_rtl/dphy_rx_wrap_beh.v=work,Verilog 2001"
"C:/Project/Working/FPGA/HOME/FPGA/crosslink_histo_demo_proj_main_rev_0/ip/csi_dphy_rx/dphy_rx_eval/csi_dphy_rx/src/beh_rtl/rx_global_ctrl_beh.v=work,Verilog 2001"
"C:/Project/Working/FPGA/HOME/FPGA/crosslink_histo_demo_proj_main_rev_0/ip/csi_dphy_rx/dphy_rx_eval/csi_dphy_rx/src/beh_rtl/soft_dphy_rx_beh.v=work,Verilog 2001"
"C:/Project/Working/FPGA/HOME/FPGA/crosslink_histo_demo_proj_main_rev_0/ip/csi_dphy_rx/dphy_rx_eval/testbench/csi_dphy_rx_tb.v=work,Verilog 2001"
"C:/Project/Working/FPGA/HOME/FPGA/crosslink_histo_demo_proj_main_rev_0/ip/pll_ip/pll_ip.v=work,Verilog 2001"
"C:/Project/Working/FPGA/HOME/FPGA/crosslink_histo_demo_proj_main_rev_0/ip/ram_dq_ip/ram_dq_ip.v=work,Verilog 2001"
"C:/Project/Working/FPGA/HOME/FPGA/crosslink_histo_demo_proj_main_rev_0/ip/ip.v=work,Verilog 2001"
"C:/Project/Working/FPGA/HOME/FPGA/crosslink_histo_demo_proj_main_rev_0/source/mipidphy2cmos.v=work,Verilog 2001"
"C:/Project/Working/FPGA/HOME/FPGA/crosslink_histo_demo_proj_main_rev_0/source/reset_manager.v=work,Verilog 2001"
"C:/Project/Working/FPGA/HOME/FPGA/crosslink_histo_demo_proj_main_rev_0/source/pixel2histo.v=work,Verilog 2001"
"C:/Project/Working/FPGA/HOME/FPGA/crosslink_histo_demo_proj_main_rev_0/source/reset_bridge.v=work,Verilog 2001"
"C:/Project/Working/FPGA/HOME/FPGA/crosslink_histo_demo_proj_main_rev_0/mipidphy2cmos_tf.v=work,Verilog 2001"
"C:/Project/Working/FPGA/HOME/FPGA/crosslink_histo_demo_proj_main_rev_0/ip/csi_dphy_rx/dphy_rx_eval/testbench/csi_dphy_rx_tb.v=work,Verilog 2001"
"C:/Project/Working/FPGA/HOME/FPGA/crosslink_histo_demo_proj_main_rev_0/ip/byte2pix/byte2pix.v=work,Verilog 2001"
"C:/Project/Working/FPGA/HOME/FPGA/crosslink_histo_demo_proj_main_rev_0/ip/byte2pix/byte2pix_byte2pixel.v=work,Verilog 2001"
